/usr/share/texlive/texmf-dist/bibtex/bst/achemso/achemso.bst
/usr/share/texlive/texmf-dist/bibtex/bst/achemso/biochem.bst
/usr/share/texlive/texmf-dist/bibtex/bst/din1505/natdin.bst
/usr/share/texlive/texmf-dist/bibtex/bst/din1505/plaindin.bst
/usr/share/texlive/texmf-dist/bibtex/bst/din1505/unsrtdin.bst
/usr/share/texlive/texmf-dist/bibtex/bst/din1505/alphadin.bst
/usr/share/texlive/texmf-dist/bibtex/bst/din1505/abbrvdin.bst
/usr/share/texlive/texmf-dist/bibtex/bst/chicago/chicago.bst
/usr/share/texlive/texmf-dist/bibtex/bst/economic/tandfx.bst
/usr/share/texlive/texmf-dist/bibtex/bst/economic/apecon.bst
/usr/share/texlive/texmf-dist/bibtex/bst/economic/agecon.bst
/usr/share/texlive/texmf-dist/bibtex/bst/economic/jae.bst
/usr/share/texlive/texmf-dist/bibtex/bst/economic/ecta.bst
/usr/share/texlive/texmf-dist/bibtex/bst/economic/regstud.bst
/usr/share/texlive/texmf-dist/bibtex/bst/economic/aer.bst
/usr/share/texlive/texmf-dist/bibtex/bst/economic/aertt.bst
/usr/share/texlive/texmf-dist/bibtex/bst/economic/cje.bst
/usr/share/texlive/texmf-dist/bibtex/bst/economic/itaxpf.bst
/usr/share/texlive/texmf-dist/bibtex/bst/economic/erae.bst
/usr/share/texlive/texmf-dist/bibtex/bst/economic/jss2.bst
/usr/share/texlive/texmf-dist/bibtex/bst/economic/ajae.bst
/usr/share/texlive/texmf-dist/bibtex/bst/economic/worlddev.bst
/usr/share/texlive/texmf-dist/bibtex/bst/economic/jpe.bst
/usr/share/texlive/texmf-dist/bibtex/bst/economic/ier.bst
/usr/share/texlive/texmf-dist/bibtex/bst/economic/oega.bst
/usr/share/texlive/texmf-dist/bibtex/bst/economic/ecca.bst
/usr/share/texlive/texmf-dist/bibtex/bst/jneurosci/jneurosci.bst
/usr/share/texlive/texmf-dist/bibtex/bst/biolett-bst/biolett.bst
/usr/share/texlive/texmf-dist/bibtex/bst/base/unsrt.bst
/usr/share/texlive/texmf-dist/bibtex/bst/base/acm.bst
/usr/share/texlive/texmf-dist/bibtex/bst/base/abbrv.bst
/usr/share/texlive/texmf-dist/bibtex/bst/base/siam.bst
/usr/share/texlive/texmf-dist/bibtex/bst/base/alpha.bst
/usr/share/texlive/texmf-dist/bibtex/bst/base/ieeetr.bst
/usr/share/texlive/texmf-dist/bibtex/bst/base/apalike.bst
/usr/share/texlive/texmf-dist/bibtex/bst/base/plain.bst
/usr/share/texlive/texmf-dist/bibtex/bst/bestpapers/bestpapers.bst
/usr/share/texlive/texmf-dist/bibtex/bst/bestpapers/bestpapers-export.bst
/usr/share/texlive/texmf-dist/bibtex/bst/nmbib/plainnm.bst
/usr/share/texlive/texmf-dist/bibtex/bst/nmbib/chronoplainnm.bst
/usr/share/texlive/texmf-dist/bibtex/bst/nmbib/unsrtnm.bst
/usr/share/texlive/texmf-dist/bibtex/bst/sort-by-letters/plain-letters.bst
/usr/share/texlive/texmf-dist/bibtex/bst/sort-by-letters/apalike-letters.bst
/usr/share/texlive/texmf-dist/bibtex/bst/sort-by-letters/frplainnat-letters.bst
/usr/share/texlive/texmf-dist/bibtex/bst/sort-by-letters/siam-letters.bst
/usr/share/texlive/texmf-dist/bibtex/bst/sort-by-letters/alpha-letters.bst
/usr/share/texlive/texmf-dist/bibtex/bst/sort-by-letters/abbrv-letters.bst
/usr/share/texlive/texmf-dist/bibtex/bst/sort-by-letters/plainnat-letters.bst
/usr/share/texlive/texmf-dist/bibtex/bst/cell/cell.bst
/usr/share/texlive/texmf-dist/bibtex/bst/chicago-annote/chicago-annote.bst
/usr/share/texlive/texmf-dist/bibtex/bst/amsrefs/amsrn.bst
/usr/share/texlive/texmf-dist/bibtex/bst/amsrefs/amsrs.bst
/usr/share/texlive/texmf-dist/bibtex/bst/amsrefs/amsry.bst
/usr/share/texlive/texmf-dist/bibtex/bst/amsrefs/amsru.bst
/usr/share/texlive/texmf-dist/bibtex/bst/amsrefs/amsra.bst
/usr/share/texlive/texmf-dist/bibtex/bst/aichej/aichej.bst
/usr/share/texlive/texmf-dist/bibtex/bst/chembst/InorgChem.bst
/usr/share/texlive/texmf-dist/bibtex/bst/chembst/JAmChemSoc.bst
/usr/share/texlive/texmf-dist/bibtex/bst/chembst/ChemCommun.bst
/usr/share/texlive/texmf-dist/bibtex/bst/chembst/JAmChemSoc_all.bst
/usr/share/texlive/texmf-dist/bibtex/bst/chembst/cv.bst
/usr/share/texlive/texmf-dist/bibtex/bst/chembst/ChemEurJ.bst
/usr/share/texlive/texmf-dist/bibtex/bst/ajl/ajl.bst
/usr/share/texlive/texmf-dist/bibtex/bst/opcit/opcit.bst
/usr/share/texlive/texmf-dist/bibtex/bst/dlfltxb/dlfltxbbibtex.bst
/usr/share/texlive/texmf-dist/bibtex/bst/francais-bst/francais.bst
/usr/share/texlive/texmf-dist/bibtex/bst/francais-bst/francaissc.bst
/usr/share/texlive/texmf-dist/bibtex/bst/munich/munich.bst
/usr/share/texlive/texmf-dist/bibtex/bst/beebe/aaai-named.bst
/usr/share/texlive/texmf-dist/bibtex/bst/beebe/humanbio.bst
/usr/share/texlive/texmf-dist/bibtex/bst/beebe/phreport.bst
/usr/share/texlive/texmf-dist/bibtex/bst/beebe/is-abbrv.bst
/usr/share/texlive/texmf-dist/bibtex/bst/beebe/bbs.bst
/usr/share/texlive/texmf-dist/bibtex/bst/beebe/is-unsrt.bst
/usr/share/texlive/texmf-dist/bibtex/bst/beebe/is-alpha.bst
/usr/share/texlive/texmf-dist/bibtex/bst/beebe/phppcf.bst
/usr/share/texlive/texmf-dist/bibtex/bst/beebe/authordate2.bst
/usr/share/texlive/texmf-dist/bibtex/bst/beebe/jtb.bst
/usr/share/texlive/texmf-dist/bibtex/bst/beebe/apalike2.bst
/usr/share/texlive/texmf-dist/bibtex/bst/beebe/abstract.bst
/usr/share/texlive/texmf-dist/bibtex/bst/beebe/jas99.bst
/usr/share/texlive/texmf-dist/bibtex/bst/beebe/phpf.bst
/usr/share/texlive/texmf-dist/bibtex/bst/beebe/cbe.bst
/usr/share/texlive/texmf-dist/bibtex/bst/beebe/phnf.bst
/usr/share/texlive/texmf-dist/bibtex/bst/beebe/authordate4.bst
/usr/share/texlive/texmf-dist/bibtex/bst/beebe/namunsrt.bst
/usr/share/texlive/texmf-dist/bibtex/bst/beebe/plainyr.bst
/usr/share/texlive/texmf-dist/bibtex/bst/beebe/annotate.bst
/usr/share/texlive/texmf-dist/bibtex/bst/beebe/refer.bst
/usr/share/texlive/texmf-dist/bibtex/bst/beebe/jbact.bst
/usr/share/texlive/texmf-dist/bibtex/bst/beebe/phapalik.bst
/usr/share/texlive/texmf-dist/bibtex/bst/beebe/jthcarsu.bst
/usr/share/texlive/texmf-dist/bibtex/bst/beebe/named.bst
/usr/share/texlive/texmf-dist/bibtex/bst/beebe/bibtoref.bst
/usr/share/texlive/texmf-dist/bibtex/bst/beebe/chicagoa.bst
/usr/share/texlive/texmf-dist/bibtex/bst/beebe/is-plain.bst
/usr/share/texlive/texmf-dist/bibtex/bst/beebe/annotation.bst
/usr/share/texlive/texmf-dist/bibtex/bst/beebe/newapa.bst
/usr/share/texlive/texmf-dist/bibtex/bst/beebe/apa.bst
/usr/share/texlive/texmf-dist/bibtex/bst/beebe/authordate1.bst
/usr/share/texlive/texmf-dist/bibtex/bst/beebe/phnflet.bst
/usr/share/texlive/texmf-dist/bibtex/bst/beebe/phjcp.bst
/usr/share/texlive/texmf-dist/bibtex/bst/beebe/humannat.bst
/usr/share/texlive/texmf-dist/bibtex/bst/beebe/phiaea.bst
/usr/share/texlive/texmf-dist/bibtex/bst/beebe/astron.bst
/usr/share/texlive/texmf-dist/bibtex/bst/beebe/jmb.bst
/usr/share/texlive/texmf-dist/bibtex/bst/beebe/phcpc.bst
/usr/share/texlive/texmf-dist/bibtex/bst/beebe/phrmp.bst
/usr/share/texlive/texmf-dist/bibtex/bst/beebe/phaip.bst
/usr/share/texlive/texmf-dist/bibtex/bst/beebe/authordate3.bst
/usr/share/texlive/texmf-dist/bibtex/bst/savetrees/savetrees.bst
/usr/share/texlive/texmf-dist/bibtex/bst/babelbib/bababbr3-lf.bst
/usr/share/texlive/texmf-dist/bibtex/bst/babelbib/babunsrt.bst
/usr/share/texlive/texmf-dist/bibtex/bst/babelbib/babplai3-lf.bst
/usr/share/texlive/texmf-dist/bibtex/bst/babelbib/bababbrv-fl.bst
/usr/share/texlive/texmf-dist/bibtex/bst/babelbib/babalpha-lf.bst
/usr/share/texlive/texmf-dist/bibtex/bst/babelbib/babplai3.bst
/usr/share/texlive/texmf-dist/bibtex/bst/babelbib/babplain-lf.bst
/usr/share/texlive/texmf-dist/bibtex/bst/babelbib/babamspl.bst
/usr/share/texlive/texmf-dist/bibtex/bst/babelbib/bababbr3.bst
/usr/share/texlive/texmf-dist/bibtex/bst/babelbib/bababbrv-lf.bst
/usr/share/texlive/texmf-dist/bibtex/bst/babelbib/babalpha.bst
/usr/share/texlive/texmf-dist/bibtex/bst/babelbib/babplain-fl.bst
/usr/share/texlive/texmf-dist/bibtex/bst/babelbib/babunsrt-lf.bst
/usr/share/texlive/texmf-dist/bibtex/bst/babelbib/bababbrv.bst
/usr/share/texlive/texmf-dist/bibtex/bst/babelbib/babplai3-fl.bst
/usr/share/texlive/texmf-dist/bibtex/bst/babelbib/babunsrt-fl.bst
/usr/share/texlive/texmf-dist/bibtex/bst/babelbib/babplain.bst
/usr/share/texlive/texmf-dist/bibtex/bst/babelbib/bababbr3-fl.bst
/usr/share/texlive/texmf-dist/bibtex/bst/babelbib/babalpha-fl.bst
/usr/share/texlive/texmf-dist/bibtex/bst/biblatex/biblatex.bst
/usr/share/texlive/texmf-dist/bibtex/bst/dvdcoll/dcbib.bst
/usr/share/texlive/texmf-dist/bibtex/bst/natbib/unsrtnat.bst
/usr/share/texlive/texmf-dist/bibtex/bst/natbib/plainnat.bst
/usr/share/texlive/texmf-dist/bibtex/bst/natbib/abbrvnat.bst
/usr/share/texlive/texmf-dist/bibtex/bst/dinat/dinat.bst
/usr/share/texlive/texmf-dist/bibtex/bst/rsc/rsc.bst
/usr/share/texlive/texmf-dist/bibtex/bst/rsc/angew.bst
/usr/share/texlive/texmf-dist/bibtex/bst/nar/nar.bst
/usr/share/texlive/texmf-dist/bibtex/bst/shipunov/rusnat.bst
/usr/share/texlive/texmf-dist/bibtex/bst/adrconv/adrbirthday.bst
/usr/share/texlive/texmf-dist/bibtex/bst/adrconv/adrconv.bst
/usr/share/texlive/texmf-dist/bibtex/bst/adrconv/adrfax.bst
/usr/share/texlive/texmf-dist/bibtex/bst/bibexport/expcites.bst
/usr/share/texlive/texmf-dist/bibtex/bst/bibexport/export.bst
/usr/share/texlive/texmf-dist/bibtex/bst/bibexport/expkeys.bst
/usr/share/texlive/texmf-dist/bibtex/bst/inlinebib/inlinebib.bst
/usr/share/texlive/texmf-dist/bibtex/bst/computational-complexity/cc2.bst
/usr/share/texlive/texmf-dist/bibtex/bst/computational-complexity/cc.bst
/usr/share/texlive/texmf-dist/bibtex/bst/urlbst/abbrvurl.bst
/usr/share/texlive/texmf-dist/bibtex/bst/urlbst/unsrturl.bst
/usr/share/texlive/texmf-dist/bibtex/bst/urlbst/plainurl.bst
/usr/share/texlive/texmf-dist/bibtex/bst/urlbst/alphaurl.bst
/usr/share/texlive/texmf-dist/bibtex/bst/chet/chetref.bst
/usr/share/texlive/texmf-dist/bibtex/bst/ksfh_nat/ksfh_nat.bst
/usr/share/texlive/texmf-dist/bibtex/bst/figbib/figbib.bst
/usr/share/texlive/texmf-dist/bibtex/bst/figbib/figbib1.bst
/usr/share/texlive/texmf-dist/bibtex/bst/bookdb/bookdb.bst
/usr/share/texlive/texmf-dist/bibtex/bst/datatool/databib.bst
/usr/share/texlive/texmf-dist/bibtex/bst/vak/vak.bst
/usr/share/texlive/texmf-dist/bibtex/bst/directory/address-ldif.bst
/usr/share/texlive/texmf-dist/bibtex/bst/directory/address-html.bst
/usr/share/texlive/texmf-dist/bibtex/bst/directory/email.bst
/usr/share/texlive/texmf-dist/bibtex/bst/directory/letter.bst
/usr/share/texlive/texmf-dist/bibtex/bst/directory/address.bst
/usr/share/texlive/texmf-dist/bibtex/bst/directory/birthday.bst
/usr/share/texlive/texmf-dist/bibtex/bst/directory/email-html.bst
/usr/share/texlive/texmf-dist/bibtex/bst/directory/phone.bst
/usr/share/texlive/texmf-dist/bibtex/bst/directory/address-vcard.bst
/usr/share/texlive/texmf-dist/bibtex/bst/upmethodology/upmplainnat.bst
/usr/share/texlive/texmf-dist/bibtex/bst/apacite/apacann.bst
/usr/share/texlive/texmf-dist/bibtex/bst/apacite/apacitex.bst
/usr/share/texlive/texmf-dist/bibtex/bst/apacite/apacite.bst
/usr/share/texlive/texmf-dist/bibtex/bst/apacite/apacannx.bst
/usr/share/texlive/texmf-dist/bibtex/bst/bibhtml/alphahtml.bst
/usr/share/texlive/texmf-dist/bibtex/bst/bibhtml/plainhtmldater.bst
/usr/share/texlive/texmf-dist/bibtex/bst/bibhtml/alphahtmldate.bst
/usr/share/texlive/texmf-dist/bibtex/bst/bibhtml/unsrthtml.bst
/usr/share/texlive/texmf-dist/bibtex/bst/bibhtml/abbrvhtml.bst
/usr/share/texlive/texmf-dist/bibtex/bst/bibhtml/plainhtml.bst
/usr/share/texlive/texmf-dist/bibtex/bst/bibhtml/alphahtmldater.bst
/usr/share/texlive/texmf-dist/bibtex/bst/bibhtml/plainhtmldate.bst
/usr/share/texlive/texmf-dist/bibtex/bst/iopart-num/iopart-num.bst
/usr/share/texlive/texmf-dist/bibtex/bst/jurarsp/jurarsp.bst
/usr/share/texlive/texmf-dist/bibtex/bst/ijqc/ijqc.bst
/usr/share/texlive/texmf-dist/bibtex/bst/besjournals/besjournals.bst
/usr/share/texlive/texmf-dist/bibtex/bst/tufte-latex/tufte.bst
/usr/share/texlive/texmf-dist/bibtex/bst/chscite/chscite.bst
/usr/share/texlive/texmf-dist/bibtex/bst/frankenstein/achicago.bst
/usr/share/texlive/texmf-dist/bibtex/bst/apalike2/apalike2.bst
/usr/share/texlive/texmf-dist/bibtex/bst/jurabib/jurunsrt.bst
/usr/share/texlive/texmf-dist/bibtex/bst/jurabib/jurabib.bst
/usr/share/texlive/texmf-dist/bibtex/bst/jurabib/jox.bst
/usr/share/texlive/texmf-dist/bibtex/bst/jurabib/jureco.bst
/usr/share/texlive/texmf-dist/bibtex/bst/mciteplus/apsrmpM.bst
/usr/share/texlive/texmf-dist/bibtex/bst/mciteplus/IEEEtranMN.bst
/usr/share/texlive/texmf-dist/bibtex/bst/mciteplus/IEEEtranM.bst
/usr/share/texlive/texmf-dist/bibtex/bst/mciteplus/apsrevM.bst
/usr/share/texlive/texmf-dist/bibtex/bst/hc/hc-en.bst
/usr/share/texlive/texmf-dist/bibtex/bst/hc/hc-de.bst
/usr/share/texlive/texmf-dist/bibtex/bst/fbs/fbs.bst
/usr/share/texlive/texmf-dist/bibtex/bst/multibib/mbplain.bst
/usr/share/texlive/texmf-dist/bibtex/bst/multibib/mbunsrtdin.bst
/usr/share/texlive/texmf-dist/bibtex/bst/listbib/listbib.bst
/usr/share/texlive/texmf-dist/bibtex/bst/amscls/amsalpha.bst
/usr/share/texlive/texmf-dist/bibtex/bst/amscls/amsplain.bst
/usr/share/texlive/texmf-dist/bibtex/bst/perception/perception.bst
/usr/share/texlive/texmf-dist/bibtex/bst/mslapa/mslapa.bst
/usr/share/texlive/texmf-dist/bibtex/bst/abstyles/aunsrt.bst
/usr/share/texlive/texmf-dist/bibtex/bst/abstyles/aalpha.bst
/usr/share/texlive/texmf-dist/bibtex/bst/abstyles/anotit.bst
/usr/share/texlive/texmf-dist/bibtex/bst/abstyles/aunsnot.bst
/usr/share/texlive/texmf-dist/bibtex/bst/abstyles/aplain.bst
/usr/share/texlive/texmf-dist/bibtex/bst/abstyles/aabbrv.bst
/usr/share/texlive/texmf-dist/bibtex/bst/gloss/glsshort.bst
/usr/share/texlive/texmf-dist/bibtex/bst/gloss/glsplain.bst
/usr/share/texlive/texmf-dist/bibtex/bst/multibibliography/chronological.bst
/usr/share/texlive/texmf-dist/bibtex/bst/pnas2009/pnas2009.bst
/usr/share/texlive/texmf-dist/bibtex/bst/notex-bst/noTeX.bst
/usr/share/texlive/texmf-dist/bibtex/bst/dk-bib/dk-alpha.bst
/usr/share/texlive/texmf-dist/bibtex/bst/dk-bib/dk-unsrt.bst
/usr/share/texlive/texmf-dist/bibtex/bst/dk-bib/dk-abbrv.bst
/usr/share/texlive/texmf-dist/bibtex/bst/dk-bib/dk-apali.bst
/usr/share/texlive/texmf-dist/bibtex/bst/dk-bib/dk-plain.bst
/usr/share/texlive/texmf-dist/bibtex/bst/phfnote/naturemagdoi.bst
/usr/share/texlive/texmf-dist/bibtex/bst/harvard/agsm.bst
/usr/share/texlive/texmf-dist/bibtex/bst/harvard/apsr.bst
/usr/share/texlive/texmf-dist/bibtex/bst/harvard/jmr.bst
/usr/share/texlive/texmf-dist/bibtex/bst/harvard/kluwer.bst
/usr/share/texlive/texmf-dist/bibtex/bst/harvard/nederlands.bst
/usr/share/texlive/texmf-dist/bibtex/bst/harvard/dcu.bst
/usr/share/texlive/texmf-dist/bibtex/bst/harvard/jphysicsB.bst
/usr/share/texlive/texmf-dist/bibtex/bst/index/xagsm.bst
/usr/share/texlive/texmf-dist/bibtex/bst/index/xplain.bst
