ec
accents
achicago
algorithm
algorithm2e
amsmath
amstext
apacite
apalike
array
babel
beamerposter
biblatex
bibtopic
bicaption
bm
booktabs
braille
breakurl
calc
cancel
chapterbib
chemgreek
chicago
color
covington
csquotes
endnotes
enumitem
environ
esint
eso-pic
fancybox
fancyhdr
filehook
fixltx2e
fix-cm
float
fontspec
footmisc
footnote
forest
framed
geometry
graphicx
harvard
hhline
hyperref
hyphenat
iftex
ifthen
jurabib
lettrine
listings
longtable
mathdots
mathrsfs
mathtools
mhchem
mslapa
multirow
natbib
nicefrac
nomencl
paralist
pdfcolmk
polyglossia
pdfcomment
pdfpages
pgf
prettyref
preview
refstyle
rotating
rotfloat
sectionbox
setspace
slashed
soul
splitidx
stackrel
stmaryrd
subfig
subscript
tablefootnote
tcolorbox
textcomp
ulem
unicode-math
units
url
varioref
varwidth
wallpaper
wrapfig
xargs
xcolor
xetex-def
xkeyval
arydshln
braket
cancel
caption
colortbl
diagbox
etoolbox
eurosym
fp
makecmds
marginnote
picinpar
pict2e
sidecap
upgreek
psnfss
avant
bookman
chancery
charter
cochineal
courier
crimson
helvet
mathpazo
mathpple
mathptm
mathptmx
newcent
pifont
utopia
ae
bera
biolinum
biolinum-type1
ccfonts
concrete
ecc
concmath
cmbright
eco
eulervm
feyn
fourier
iwona
kurier
libertine
fontaxes
libertine-type1
libertineMono-type1
libertineMono
libertineRoman
lmodern
mathdesign
mdbch
mdput
mdugm
newtxmath
noto
binhex
symbol
tgadventor
tgbonum
tgchorus
tgcursor
tgheros
tgpagella
tgschola
tgtermes
tipa
tipx
tone
txfonts
ascii
bbding
ifsym
marvosym
pmboxdraw
textgreek
tfrupee
wasy
wasysym
covington
enumitem
forest
multicol
endnotes
todonotes
endnotes
enumitem
datetime
fmtcount
sectionbox
changebar
hpstatement
natbib
apacite
bicaption
shapepar
fixme
fancyhdr
braille
paralist
fancyvrb
rsphrase
algorithm2e
tcolorbox
environ
etoolbox
pgf
natbib
biblatex
biblatex
jurabib
